Archive member included to satisfy reference by file (symbol)

c:/program files (x86)/atmel/studio/7.0/toolchain/arm/arm-gnu-toolchain/bin/../lib/gcc/arm-none-eabi/6.3.1/../../../../arm-none-eabi/lib/thumb/v7e-m/fpv4-sp/hard\libc.a(lib_a-exit.o)
                              c:/program files (x86)/atmel/studio/7.0/toolchain/arm/arm-gnu-toolchain/bin/../lib/gcc/arm-none-eabi/6.3.1/../../../../arm-none-eabi/lib/thumb/v7e-m/fpv4-sp/hard/crt0.o (exit)
c:/program files (x86)/atmel/studio/7.0/toolchain/arm/arm-gnu-toolchain/bin/../lib/gcc/arm-none-eabi/6.3.1/../../../../arm-none-eabi/lib/thumb/v7e-m/fpv4-sp/hard\libc.a(lib_a-impure.o)
                              c:/program files (x86)/atmel/studio/7.0/toolchain/arm/arm-gnu-toolchain/bin/../lib/gcc/arm-none-eabi/6.3.1/../../../../arm-none-eabi/lib/thumb/v7e-m/fpv4-sp/hard\libc.a(lib_a-exit.o) (_global_impure_ptr)
c:/program files (x86)/atmel/studio/7.0/toolchain/arm/arm-gnu-toolchain/bin/../lib/gcc/arm-none-eabi/6.3.1/../../../../arm-none-eabi/lib/thumb/v7e-m/fpv4-sp/hard\libc.a(lib_a-init.o)
                              c:/program files (x86)/atmel/studio/7.0/toolchain/arm/arm-gnu-toolchain/bin/../lib/gcc/arm-none-eabi/6.3.1/../../../../arm-none-eabi/lib/thumb/v7e-m/fpv4-sp/hard/crt0.o (__libc_init_array)
c:/program files (x86)/atmel/studio/7.0/toolchain/arm/arm-gnu-toolchain/bin/../lib/gcc/arm-none-eabi/6.3.1/../../../../arm-none-eabi/lib/thumb/v7e-m/fpv4-sp/hard\libc.a(lib_a-memset.o)
                              c:/program files (x86)/atmel/studio/7.0/toolchain/arm/arm-gnu-toolchain/bin/../lib/gcc/arm-none-eabi/6.3.1/../../../../arm-none-eabi/lib/thumb/v7e-m/fpv4-sp/hard/crt0.o (memset)
c:/program files (x86)/atmel/studio/7.0/toolchain/arm/arm-gnu-toolchain/bin/../lib/gcc/arm-none-eabi/6.3.1/../../../../arm-none-eabi/lib/thumb/v7e-m/fpv4-sp/hard\libc.a(lib_a-__call_atexit.o)
                              c:/program files (x86)/atmel/studio/7.0/toolchain/arm/arm-gnu-toolchain/bin/../lib/gcc/arm-none-eabi/6.3.1/../../../../arm-none-eabi/lib/thumb/v7e-m/fpv4-sp/hard\libc.a(lib_a-exit.o) (__call_exitprocs)
c:/program files (x86)/atmel/studio/7.0/toolchain/arm/arm-gnu-toolchain/bin/../lib/gcc/arm-none-eabi/6.3.1/../../../../arm-none-eabi/lib/thumb/v7e-m/fpv4-sp/hard\libc.a(lib_a-atexit.o)
                              c:/program files (x86)/atmel/studio/7.0/toolchain/arm/arm-gnu-toolchain/bin/../lib/gcc/arm-none-eabi/6.3.1/../../../../arm-none-eabi/lib/thumb/v7e-m/fpv4-sp/hard\libc.a(lib_a-__call_atexit.o) (atexit)
c:/program files (x86)/atmel/studio/7.0/toolchain/arm/arm-gnu-toolchain/bin/../lib/gcc/arm-none-eabi/6.3.1/../../../../arm-none-eabi/lib/thumb/v7e-m/fpv4-sp/hard\libc.a(lib_a-fini.o)
                              c:/program files (x86)/atmel/studio/7.0/toolchain/arm/arm-gnu-toolchain/bin/../lib/gcc/arm-none-eabi/6.3.1/../../../../arm-none-eabi/lib/thumb/v7e-m/fpv4-sp/hard\libc.a(lib_a-__call_atexit.o) (__libc_fini_array)
c:/program files (x86)/atmel/studio/7.0/toolchain/arm/arm-gnu-toolchain/bin/../lib/gcc/arm-none-eabi/6.3.1/../../../../arm-none-eabi/lib/thumb/v7e-m/fpv4-sp/hard\libc.a(lib_a-lock.o)
                              c:/program files (x86)/atmel/studio/7.0/toolchain/arm/arm-gnu-toolchain/bin/../lib/gcc/arm-none-eabi/6.3.1/../../../../arm-none-eabi/lib/thumb/v7e-m/fpv4-sp/hard\libc.a(lib_a-__call_atexit.o) (__retarget_lock_acquire_recursive)
c:/program files (x86)/atmel/studio/7.0/toolchain/arm/arm-gnu-toolchain/bin/../lib/gcc/arm-none-eabi/6.3.1/../../../../arm-none-eabi/lib/thumb/v7e-m/fpv4-sp/hard\libc.a(lib_a-__atexit.o)
                              c:/program files (x86)/atmel/studio/7.0/toolchain/arm/arm-gnu-toolchain/bin/../lib/gcc/arm-none-eabi/6.3.1/../../../../arm-none-eabi/lib/thumb/v7e-m/fpv4-sp/hard\libc.a(lib_a-atexit.o) (__register_exitproc)

Allocating common symbols
Common symbol       size              file

__lock___atexit_recursive_mutex
                    0x1               c:/program files (x86)/atmel/studio/7.0/toolchain/arm/arm-gnu-toolchain/bin/../lib/gcc/arm-none-eabi/6.3.1/../../../../arm-none-eabi/lib/thumb/v7e-m/fpv4-sp/hard\libc.a(lib_a-lock.o)
__lock___arc4random_mutex
                    0x1               c:/program files (x86)/atmel/studio/7.0/toolchain/arm/arm-gnu-toolchain/bin/../lib/gcc/arm-none-eabi/6.3.1/../../../../arm-none-eabi/lib/thumb/v7e-m/fpv4-sp/hard\libc.a(lib_a-lock.o)
__lock___env_recursive_mutex
                    0x1               c:/program files (x86)/atmel/studio/7.0/toolchain/arm/arm-gnu-toolchain/bin/../lib/gcc/arm-none-eabi/6.3.1/../../../../arm-none-eabi/lib/thumb/v7e-m/fpv4-sp/hard\libc.a(lib_a-lock.o)
__lock___sinit_recursive_mutex
                    0x1               c:/program files (x86)/atmel/studio/7.0/toolchain/arm/arm-gnu-toolchain/bin/../lib/gcc/arm-none-eabi/6.3.1/../../../../arm-none-eabi/lib/thumb/v7e-m/fpv4-sp/hard\libc.a(lib_a-lock.o)
__lock___malloc_recursive_mutex
[...]
Memory Configuration

Name             Origin             Length             Attributes
rom              0x00400000         0x00200000         xr
ram              0x20400000         0x00060000         xrw
*default*        0x00000000         0xffffffff

Linker script and memory map

LOAD c:/program files (x86)/atmel/studio/7.0/toolchain/arm/arm-gnu-toolchain/bin/../lib/gcc/arm-none-eabi/6.3.1/thumb/v7e-m/fpv4-sp/hard/crti.o
LOAD c:/program files (x86)/atmel/studio/7.0/toolchain/arm/arm-gnu-toolchain/bin/../lib/gcc/arm-none-eabi/6.3.1/thumb/v7e-m/fpv4-sp/hard/crtbegin.o
LOAD c:/program files (x86)/atmel/studio/7.0/toolchain/arm/arm-gnu-toolchain/bin/../lib/gcc/arm-none-eabi/6.3.1/../../../../arm-none-eabi/lib/thumb/v7e-m/fpv4-sp/hard/crt0.o
LOAD afec.o
LOAD board.o
LOAD dac.o
LOAD Device_Startup/startup_same70q21b.o
LOAD Device_Startup/system_same70q21b.o
LOAD fir.o
LOAD main.o
LOAD pmc.o
LOAD tim.o
START GROUP
LOAD c:/program files (x86)/atmel/studio/7.0/toolchain/arm/arm-gnu-toolchain/bin/../lib/gcc/arm-none-eabi/6.3.1/../../../../arm-none-eabi/lib/thumb/v7e-m/fpv4-sp/hard\libm.a
END GROUP
START GROUP
LOAD c:/program files (x86)/atmel/studio/7.0/toolchain/arm/arm-gnu-toolchain/bin/../lib/gcc/arm-none-eabi/6.3.1/thumb/v7e-m/fpv4-sp/hard\libgcc.a
LOAD c:/program files (x86)/atmel/studio/7.0/toolchain/arm/arm-gnu-toolchain/bin/../lib/gcc/arm-none-eabi/6.3.1/../../../../arm-none-eabi/lib/thumb/v7e-m/fpv4-sp/hard\libc.a
END GROUP
LOAD c:/program files (x86)/atmel/studio/7.0/toolchain/arm/arm-gnu-toolchain/bin/../lib/gcc/arm-none-eabi/6.3.1/thumb/v7e-m/fpv4-sp/hard/crtend.o
LOAD c:/program files (x86)/atmel/studio/7.0/toolchain/arm/arm-gnu-toolchain/bin/../lib/gcc/arm-none-eabi/6.3.1/thumb/v7e-m/fpv4-sp/hard/crtn.o
                0x00000400                STACK_SIZE = DEFINED (STACK_SIZE)?STACK_SIZE:DEFINED (__stack_size__)?__stack_size__:0x400
                0x00000200                HEAP_SIZE = DEFINED (HEAP_SIZE)?HEAP_SIZE:DEFINED (__heap_size__)?__heap_size__:0x200

.text           0x00400000      0x9f0
                0x00400000                . = ALIGN (0x4)
                0x00400000                _sfixed = .
 *(.vectors .vectors.*)
 .vectors       0x00400000      0x168 Device_Startup/startup_same70q21b.o
                0x00400000                exception_table
 *(.text .text.* .gnu.linkonce.t.*)
 .text          0x00400168       0x6c c:/program files (x86)/atmel/studio/7.0/toolchain/arm/arm-gnu-toolchain/bin/../lib/gcc/arm-none-eabi/6.3.1/thumb/v7e-m/fpv4-sp/hard/crtbegin.o
 .text.afec0ch0_init
                0x004001d4       0x70 afec.o
                0x004001d4                afec0ch0_init
 .text.ioport_init
                0x00400244      0x11c board.o
                0x00400244                ioport_init
 .text.board_init
                0x00400360       0xe0 board.o
                0x00400360                board_init
 .text.dac0ch0init
                0x00400440       0x68 dac.o
                0x00400440                dac0ch0init
 .text.Dummy_Handler
                0x004004a8        0x2 Device_Startup/startup_same70q21b.o
                0x004004a8                SVCall_Handler
                0x004004a8                UART3_Handler
                0x004004a8                UART2_Handler
                0x004004a8                TRNG_Handler
                0x004004a8                HardFault_Handler
                0x004004a8                TC2_Handler
                0x004004a8                SysTick_Handler
                0x004004a8                AFEC1_Handler
                0x004004a8                PendSV_Handler
                0x004004a8                TC7_Handler
                0x004004a8                QSPI_Handler
                0x004004a8                NonMaskableInt_Handler
                0x004004a8                ISI_Handler
                0x004004a8                MCAN0_INT0_Handler
                0x004004a8                TC9_Handler
                0x004004a8                RSWDT_Handler
                0x004004a8                USART0_Handler
                0x004004a8                RTT_Handler
                0x004004a8                USBHS_Handler
                0x004004a8                IXC_Handler
                0x004004a8                CCF_Handler
                0x004004a8                PIOB_Handler
                0x004004a8                RTC_Handler
                0x004004a8                UsageFault_Handler
                0x004004a8                TC6_Handler
                0x004004a8                WDT_Handler
                0x004004a8                MCAN1_INT1_Handler
                0x004004a8                TC4_Handler
                0x004004a8                TC1_Handler
                0x004004a8                HSMCI_Handler
                0x004004a8                UART1_Handler
                0x004004a8                TC3_Handler
                0x004004a8                Dummy_Handler
                0x004004a8                TWIHS1_Handler
                0x004004a8                XDMAC_Handler
                0x004004a8                UART4_Handler
                0x004004a8                PWM1_Handler
                0x004004a8                USART1_Handler
                0x004004a8                PWM0_Handler
                0x004004a8                PIOA_Handler
                0x004004a8                CCW_Handler
                0x004004a8                SSC_Handler
                0x004004a8                TC11_Handler
                0x004004a8                ACC_Handler
                0x004004a8                PMC_Handler
                0x004004a8                GMAC_Handler
                0x004004a8                MCAN0_INT1_Handler
                0x004004a8                GMAC_Q5_Handler
                0x004004a8                SUPC_Handler
                0x004004a8                TC8_Handler
                0x004004a8                MCAN1_INT0_Handler
                0x004004a8                EFC_Handler
                0x004004a8                GMAC_Q1_Handler
                0x004004a8                USART2_Handler
                0x004004a8                SDRAMC_Handler
                0x004004a8                GMAC_Q2_Handler
                0x004004a8                PIOE_Handler
                0x004004a8                SPI1_Handler
                0x004004a8                TC10_Handler
                0x004004a8                GMAC_Q3_Handler
                0x004004a8                PIOD_Handler
                0x004004a8                TWIHS2_Handler
                0x004004a8                I2SC0_Handler
                0x004004a8                UART0_Handler
                0x004004a8                I2SC1_Handler
                0x004004a8                PIOC_Handler
                0x004004a8                GMAC_Q4_Handler
                0x004004a8                FPU_Handler
                0x004004a8                BusFault_Handler
                0x004004a8                RSTC_Handler
                0x004004a8                MemoryManagement_Handler
                0x004004a8                DebugMonitor_Handler
                0x004004a8                TC5_Handler
                0x004004a8                ICM_Handler
                0x004004a8                AES_Handler
                0x004004a8                TWIHS0_Handler
                0x004004a8                SPI0_Handler
 *fill*         0x004004aa        0x2 
 .text.Reset_Handler
                0x004004ac       0x84 Device_Startup/startup_same70q21b.o
                0x004004ac                Reset_Handler
 .text.SystemInit
                0x00400530       0x10 Device_Startup/system_same70q21b.o
                0x00400530                SystemInit
 .text.firFilter
                0x00400540       0x94 fir.o
                0x00400540                firFilter
 .text.main     0x004005d4       0x8c main.o
                0x004005d4                main
 .text.AFEC0_Handler
                0x00400660       0x2c main.o
                0x00400660                AFEC0_Handler
 .text.TC0_Handler
                0x0040068c       0x5c main.o
                0x0040068c                TC0_Handler
 .text.DACC_Handler
                0x004006e8        0x2 main.o
                0x004006e8                DACC_Handler
 *fill*         0x004006ea        0x2 
 .text.mainclk_init
                0x004006ec       0x54 pmc.o
                0x004006ec                mainclk_init
 .text.pll_init
                0x00400740       0x28 pmc.o
                0x00400740                pll_init
 .text.sysclk_init
                0x00400768       0x70 pmc.o
                0x00400768                sysclk_init
 .text.initTimer
                0x004007d8       0x80 tim.o
                0x004007d8                initTimer
 .text.__libc_init_array
                0x00400858       0x50 c:/program files (x86)/atmel/studio/7.0/toolchain/arm/arm-gnu-toolchain/bin/../lib/gcc/arm-none-eabi/6.3.1/../../../../arm-none-eabi/lib/thumb/v7e-m/fpv4-sp/hard\libc.a(lib_a-init.o)
                0x00400858                __libc_init_array
 .text.startup.register_fini
                0x004008a8       0x14 c:/program files (x86)/atmel/studio/7.0/toolchain/arm/arm-gnu-toolchain/bin/../lib/gcc/arm-none-eabi/6.3.1/../../../../arm-none-eabi/lib/thumb/v7e-m/fpv4-sp/hard\libc.a(lib_a-__call_atexit.o)
 .text.atexit   0x004008bc        0xc c:/program files (x86)/atmel/studio/7.0/toolchain/arm/arm-gnu-toolchain/bin/../lib/gcc/arm-none-eabi/6.3.1/../../../../arm-none-eabi/lib/thumb/v7e-m/fpv4-sp/hard\libc.a(lib_a-atexit.o)
                0x004008bc                atexit
 .text.__libc_fini_array
                0x004008c8       0x34 c:/program files (x86)/atmel/studio/7.0/toolchain/arm/arm-gnu-toolchain/bin/../lib/gcc/arm-none-eabi/6.3.1/../../../../arm-none-eabi/lib/thumb/v7e-m/fpv4-sp/hard\libc.a(lib_a-fini.o)
                0x004008c8                __libc_fini_array
 .text.__retarget_lock_acquire_recursive
                0x004008fc        0x4 c:/program files (x86)/atmel/studio/7.0/toolchain/arm/arm-gnu-toolchain/bin/../lib/gcc/arm-none-eabi/6.3.1/../../../../arm-none-eabi/lib/thumb/v7e-m/fpv4-sp/hard\libc.a(lib_a-lock.o)
                0x004008fc                __retarget_lock_acquire_recursive
 .text.__retarget_lock_release_recursive
                0x00400900        0x4 c:/program files (x86)/atmel/studio/7.0/toolchain/arm/arm-gnu-toolchain/bin/../lib/gcc/arm-none-eabi/6.3.1/../../../../arm-none-eabi/lib/thumb/v7e-m/fpv4-sp/hard\libc.a(lib_a-lock.o)
                0x00400900                __retarget_lock_release_recursive
 .text.__register_exitproc
                0x00400904       0xc4 c:/program files (x86)/atmel/studio/7.0/toolchain/arm/arm-gnu-toolchain/bin/../lib/gcc/arm-none-eabi/6.3.1/../../../../arm-none-eabi/lib/thumb/v7e-m/fpv4-sp/hard\libc.a(lib_a-__atexit.o)
                0x00400904                __register_exitproc
 *(.glue_7t)
 .glue_7t       0x004009c8        0x0 linker stubs
 *(.glue_7)
 .glue_7        0x004009c8        0x0 linker stubs
 *(.rodata .rodata* .gnu.linkonce.r.*)
 .rodata._global_impure_ptr
                0x004009c8        0x4 c:/program files (x86)/atmel/studio/7.0/toolchain/arm/arm-gnu-toolchain/bin/../lib/gcc/arm-none-eabi/6.3.1/../../../../arm-none-eabi/lib/thumb/v7e-m/fpv4-sp/hard\libc.a(lib_a-impure.o)
                0x004009c8                _global_impure_ptr
 *(.ARM.extab* .gnu.linkonce.armextab.*)
                0x004009cc                . = ALIGN (0x4)
 *(.init)
 .init          0x004009cc        0x4 c:/program files (x86)/atmel/studio/7.0/toolchain/arm/arm-gnu-toolchain/bin/../lib/gcc/arm-none-eabi/6.3.1/thumb/v7e-m/fpv4-sp/hard/crti.o
                0x004009cc                _init
 .init          0x004009d0        0x8 c:/program files (x86)/atmel/studio/7.0/toolchain/arm/arm-gnu-toolchain/bin/../lib/gcc/arm-none-eabi/6.3.1/thumb/v7e-m/fpv4-sp/hard/crtn.o
                0x004009d8                . = ALIGN (0x4)
                0x004009d8                __preinit_array_start = .
 *(.preinit_array)
                0x004009d8                __preinit_array_end = .
                0x004009d8                . = ALIGN (0x4)
                0x004009d8                __init_array_start = .
 *(SORT(.init_array.*))
 .init_array.00000
                0x004009d8        0x4 c:/program files (x86)/atmel/studio/7.0/toolchain/arm/arm-gnu-toolchain/bin/../lib/gcc/arm-none-eabi/6.3.1/../../../../arm-none-eabi/lib/thumb/v7e-m/fpv4-sp/hard\libc.a(lib_a-__call_atexit.o)
 *(.init_array)
 .init_array    0x004009dc        0x4 c:/program files (x86)/atmel/studio/7.0/toolchain/arm/arm-gnu-toolchain/bin/../lib/gcc/arm-none-eabi/6.3.1/thumb/v7e-m/fpv4-sp/hard/crtbegin.o
                0x004009e0                __init_array_end = .
                0x004009e0                . = ALIGN (0x4)
 *crtbegin.o(.ctors)
 *(EXCLUDE_FILE(*crtend.o) .ctors)
 *(SORT(.ctors.*))
 *crtend.o(.ctors)
                0x004009e0                . = ALIGN (0x4)
 *(.fini)
 .fini          0x004009e0        0x4 c:/program files (x86)/atmel/studio/7.0/toolchain/arm/arm-gnu-toolchain/bin/../lib/gcc/arm-none-eabi/6.3.1/thumb/v7e-m/fpv4-sp/hard/crti.o
                0x004009e0                _fini
 .fini          0x004009e4        0x8 c:/program files (x86)/atmel/studio/7.0/toolchain/arm/arm-gnu-toolchain/bin/../lib/gcc/arm-none-eabi/6.3.1/thumb/v7e-m/fpv4-sp/hard/crtn.o
                0x004009ec                . = ALIGN (0x4)
                0x004009ec                __fini_array_start = .
 *(.fini_array)
 .fini_array    0x004009ec        0x4 c:/program files (x86)/atmel/studio/7.0/toolchain/arm/arm-gnu-toolchain/bin/../lib/gcc/arm-none-eabi/6.3.1/thumb/v7e-m/fpv4-sp/hard/crtbegin.o
 *(SORT(.fini_array.*))
                0x004009f0                __fini_array_end = .
 *crtbegin.o(.dtors)
 *(EXCLUDE_FILE(*crtend.o) .dtors)
 *(SORT(.dtors.*))
 *crtend.o(.dtors)
                0x004009f0                . = ALIGN (0x4)
                0x004009f0                _efixed = .
                [!provide]                PROVIDE (__exidx_start, .)

.vfp11_veneer   0x004009f0        0x0
 .vfp11_veneer  0x004009f0        0x0 linker stubs

.v4_bx          0x004009f0        0x0
 .v4_bx         0x004009f0        0x0 linker stubs

.iplt           0x004009f0        0x0
 .iplt          0x004009f0        0x0 c:/program files (x86)/atmel/studio/7.0/toolchain/arm/arm-gnu-toolchain/bin/../lib/gcc/arm-none-eabi/6.3.1/thumb/v7e-m/fpv4-sp/hard/crtbegin.o

.eh_frame       0x004009f0        0x0
 .eh_frame      0x004009f0        0x0 c:/program files (x86)/atmel/studio/7.0/toolchain/arm/arm-gnu-toolchain/bin/../lib/gcc/arm-none-eabi/6.3.1/thumb/v7e-m/fpv4-sp/hard/crtbegin.o

.rel.dyn        0x004009f0        0x0
 .rel.iplt      0x004009f0        0x0 c:/program files (x86)/atmel/studio/7.0/toolchain/arm/arm-gnu-toolchain/bin/../lib/gcc/arm-none-eabi/6.3.1/thumb/v7e-m/fpv4-sp/hard/crtbegin.o

.jcr            0x004009f0        0x0
 .jcr           0x004009f0        0x0 c:/program files (x86)/atmel/studio/7.0/toolchain/arm/arm-gnu-toolchain/bin/../lib/gcc/arm-none-eabi/6.3.1/thumb/v7e-m/fpv4-sp/hard/crtbegin.o

.igot.plt       0x004009f0        0x0
 .igot.plt      0x004009f0        0x0 c:/program files (x86)/atmel/studio/7.0/toolchain/arm/arm-gnu-toolchain/bin/../lib/gcc/arm-none-eabi/6.3.1/thumb/v7e-m/fpv4-sp/hard/crtbegin.o

.ARM.exidx
 *(.ARM.exidx* .gnu.linkonce.armexidx.*)
                [!provide]                PROVIDE (__exidx_end, .)
                0x004009f0                . = ALIGN (0x4)
                0x004009f0                _etext = .

.relocate       0x20400000      0x82c load address 0x004009f0
                0x20400000                . = ALIGN (0x4)
                0x20400000                _srelocate = .
 *(.ramfunc .ramfunc.*)
 *(.data .data.*)
 .data          0x20400000        0x4 Device_Startup/system_same70q21b.o
                0x20400000                SystemCoreClock
 .data          0x20400004      0x3fc fir.o
                0x20400004                coefficients
                0x204003fc                N_coefficients
 .data.impure_data
                0x20400400      0x428 c:/program files (x86)/atmel/studio/7.0/toolchain/arm/arm-gnu-toolchain/bin/../lib/gcc/arm-none-eabi/6.3.1/../../../../arm-none-eabi/lib/thumb/v7e-m/fpv4-sp/hard\libc.a(lib_a-impure.o)
 .data.__atexit_recursive_mutex
                0x20400828        0x4 c:/program files (x86)/atmel/studio/7.0/toolchain/arm/arm-gnu-toolchain/bin/../lib/gcc/arm-none-eabi/6.3.1/../../../../arm-none-eabi/lib/thumb/v7e-m/fpv4-sp/hard\libc.a(lib_a-__call_atexit.o)
                0x20400828                __atexit_recursive_mutex
                0x2040082c                . = ALIGN (0x4)
                0x2040082c                _erelocate = .

.bss            0x2040082c      0x44c load address 0x0040121c
                0x2040082c                . = ALIGN (0x4)
                0x2040082c                _sbss = .
                0x2040082c                _szero = .
 *(.bss .bss.*)
 .bss           0x2040082c       0x1c c:/program files (x86)/atmel/studio/7.0/toolchain/arm/arm-gnu-toolchain/bin/../lib/gcc/arm-none-eabi/6.3.1/thumb/v7e-m/fpv4-sp/hard/crtbegin.o
 .bss           0x20400848        0x4 fir.o
 .bss           0x2040084c       0x10 main.o
 *(COMMON)
 COMMON         0x2040085c      0x3f8 fir.o
                0x2040085c                buffer
 COMMON         0x20400c54       0x21 c:/program files (x86)/atmel/studio/7.0/toolchain/arm/arm-gnu-toolchain/bin/../lib/gcc/arm-none-eabi/6.3.1/../../../../arm-none-eabi/lib/thumb/v7e-m/fpv4-sp/hard\libc.a(lib_a-lock.o)
                0x20400c54                __lock___atexit_recursive_mutex
                0x20400c58                __lock___arc4random_mutex
                0x20400c5c                __lock___env_recursive_mutex
                0x20400c60                __lock___sinit_recursive_mutex
                0x20400c64                __lock___malloc_recursive_mutex
                0x20400c68                __lock___at_quick_exit_mutex
                0x20400c6c                __lock___dd_hash_mutex
                0x20400c70                __lock___tz_mutex
                0x20400c74                __lock___sfp_recursive_mutex
                0x20400c78                . = ALIGN (0x4)
 *fill*         0x20400c75        0x3 
                0x20400c78                _ebss = .
                0x20400c78                _ezero = .

.heap           0x20400c78      0x200 load address 0x00401668
                0x20400c78                . = ALIGN (0x8)
                0x20400c78                _sheap = .
                0x20400e78                . = (. + HEAP_SIZE)
 *fill*         0x20400c78      0x200 
                0x20400e78                . = ALIGN (0x8)
                0x20400e78                _eheap = .

.stack          0x20400e78      0x400 load address 0x00401868
                0x20400e78                . = ALIGN (0x8)
                0x20400e78                _sstack = .
                0x20401278                . = (. + STACK_SIZE)
 *fill*         0x20400e78      0x400 
                0x20401278                . = ALIGN (0x8)
                0x20401278                _estack = .
                0x20401278                . = ALIGN (0x4)
                0x20401278                _end = .
                0x2045ffff                _ram_end_ = ((ORIGIN (ram) + LENGTH (ram)) - 0x1)
OUTPUT(DigitalFilter.elf elf32-littlearm)

.ARM.attributes
                0x00000000       0x30
 .ARM.attributes
                0x00000000       0x22 c:/program files (x86)/atmel/studio/7.0/toolchain/arm/arm-gnu-toolchain/bin/../lib/gcc/arm-none-eabi/6.3.1/thumb/v7e-m/fpv4-sp/hard/crti.o
 .ARM.attributes
                0x00000022       0x34 c:/program files (x86)/atmel/studio/7.0/toolchain/arm/arm-gnu-toolchain/bin/../lib/gcc/arm-none-eabi/6.3.1/thumb/v7e-m/fpv4-sp/hard/crtbegin.o
 .ARM.attributes
                0x00000056       0x39 afec.o
 .ARM.attributes
                0x0000008f       0x39 board.o
 .ARM.attributes
                0x000000c8       0x39 dac.o
 .ARM.attributes
                0x00000101       0x39 Device_Startup/startup_same70q21b.o
 .ARM.attributes
                0x0000013a       0x39 Device_Startup/system_same70q21b.o
 .ARM.attributes
                0x00000173       0x39 fir.o
 .ARM.attributes
                0x000001ac       0x39 main.o
 .ARM.attributes
                0x000001e5       0x39 pmc.o
 .ARM.attributes
                0x0000021e       0x39 tim.o
 .ARM.attributes
                0x00000257       0x34 c:/program files (x86)/atmel/studio/7.0/toolchain/arm/arm-gnu-toolchain/bin/../lib/gcc/arm-none-eabi/6.3.1/../../../../arm-none-eabi/lib/thumb/v7e-m/fpv4-sp/hard\libc.a(lib_a-impure.o)
 .ARM.attributes
                0x0000028b       0x34 c:/program files (x86)/atmel/studio/7.0/toolchain/arm/arm-gnu-toolchain/bin/../lib/gcc/arm-none-eabi/6.3.1/../../../../arm-none-eabi/lib/thumb/v7e-m/fpv4-sp/hard\libc.a(lib_a-init.o)
 .ARM.attributes
                0x000002bf       0x34 c:/program files (x86)/atmel/studio/7.0/toolchain/arm/arm-gnu-toolchain/bin/../lib/gcc/arm-none-eabi/6.3.1/../../../../arm-none-eabi/lib/thumb/v7e-m/fpv4-sp/hard\libc.a(lib_a-__call_atexit.o)
 .ARM.attributes
                0x000002f3       0x34 c:/program files (x86)/atmel/studio/7.0/toolchain/arm/arm-gnu-toolchain/bin/../lib/gcc/arm-none-eabi/6.3.1/../../../../arm-none-eabi/lib/thumb/v7e-m/fpv4-sp/hard\libc.a(lib_a-atexit.o)
 .ARM.attributes
                0x00000327       0x34 c:/program files (x86)/atmel/studio/7.0/toolchain/arm/arm-gnu-toolchain/bin/../lib/gcc/arm-none-eabi/6.3.1/../../../../arm-none-eabi/lib/thumb/v7e-m/fpv4-sp/hard\libc.a(lib_a-fini.o)
 .ARM.attributes
                0x0000035b       0x34 c:/program files (x86)/atmel/studio/7.0/toolchain/arm/arm-gnu-toolchain/bin/../lib/gcc/arm-none-eabi/6.3.1/../../../../arm-none-eabi/lib/thumb/v7e-m/fpv4-sp/hard\libc.a(lib_a-lock.o)
 .ARM.attributes
                0x0000038f       0x34 c:/program files (x86)/atmel/studio/7.0/toolchain/arm/arm-gnu-toolchain/bin/../lib/gcc/arm-none-eabi/6.3.1/../../../../arm-none-eabi/lib/thumb/v7e-m/fpv4-sp/hard\libc.a(lib_a-__atexit.o)
 .ARM.attributes
                0x000003c3       0x22 c:/program files (x86)/atmel/studio/7.0/toolchain/arm/arm-gnu-toolchain/bin/../lib/gcc/arm-none-eabi/6.3.1/thumb/v7e-m/fpv4-sp/hard/crtn.o

.comment        0x00000000       0x59
 .comment       0x00000000       0x59 afec.o
                                 0x5a (size before relaxing)
 .comment       0x00000059       0x5a board.o
 .comment       0x00000059       0x5a dac.o
 .comment       0x00000059       0x5a Device_Startup/startup_same70q21b.o
 .comment       0x00000059       0x5a Device_Startup/system_same70q21b.o
 .comment       0x00000059       0x5a fir.o
 .comment       0x00000059       0x5a main.o
 .comment       0x00000059       0x5a pmc.o
 .comment       0x00000059       0x5a tim.o

.debug_info     0x00000000     0x8c90
 .debug_info    0x00000000     0x17c2 afec.o
 .debug_info    0x000017c2      0xf60 board.o
 .debug_info    0x00002722      0xece dac.o
 .debug_info    0x000035f0      0xb33 Device_Startup/startup_same70q21b.o
 .debug_info    0x00004123       0xfe Device_Startup/system_same70q21b.o
 .debug_info    0x00004221      0xa9e fir.o
 .debug_info    0x00004cbf     0x184f main.o
 .debug_info    0x0000650e     0x127c pmc.o
 .debug_info    0x0000778a     0x1506 tim.o

.debug_abbrev   0x00000000     0x10b1
 .debug_abbrev  0x00000000      0x251 afec.o
 .debug_abbrev  0x00000251      0x1b3 board.o
 .debug_abbrev  0x00000404      0x1be dac.o
 .debug_abbrev  0x000005c2      0x153 Device_Startup/startup_same70q21b.o
 .debug_abbrev  0x00000715       0x8a Device_Startup/system_same70q21b.o
 .debug_abbrev  0x0000079f      0x1d7 fir.o
 .debug_abbrev  0x00000976      0x2af main.o
 .debug_abbrev  0x00000c25      0x24a pmc.o
 .debug_abbrev  0x00000e6f      0x242 tim.o

.debug_loc      0x00000000      0x4e2
 .debug_loc     0x00000000       0x9d afec.o
 .debug_loc     0x0000009d       0x59 board.o
 .debug_loc     0x000000f6       0x13 dac.o
 .debug_loc     0x00000109       0x6b Device_Startup/startup_same70q21b.o
 .debug_loc     0x00000174      0x26d fir.o
 .debug_loc     0x000003e1       0x72 main.o
 .debug_loc     0x00000453       0x3f pmc.o
 .debug_loc     0x00000492       0x50 tim.o

.debug_aranges  0x00000000      0x160
 .debug_aranges
                0x00000000       0x20 afec.o
 .debug_aranges
                0x00000020       0x28 board.o
 .debug_aranges
                0x00000048       0x20 dac.o
 .debug_aranges
                0x00000068       0x28 Device_Startup/startup_same70q21b.o
 .debug_aranges
                0x00000090       0x28 Device_Startup/system_same70q21b.o
 .debug_aranges
                0x000000b8       0x20 fir.o
 .debug_aranges
                0x000000d8       0x38 main.o
 .debug_aranges
                0x00000110       0x30 pmc.o
 .debug_aranges
                0x00000140       0x20 tim.o

.debug_ranges   0x00000000       0xd0
 .debug_ranges  0x00000000       0x10 afec.o
 .debug_ranges  0x00000010       0x18 board.o
 .debug_ranges  0x00000028       0x10 dac.o
 .debug_ranges  0x00000038       0x18 Device_Startup/startup_same70q21b.o
 .debug_ranges  0x00000050       0x18 Device_Startup/system_same70q21b.o
 .debug_ranges  0x00000068       0x10 fir.o
 .debug_ranges  0x00000078       0x28 main.o
 .debug_ranges  0x000000a0       0x20 pmc.o
 .debug_ranges  0x000000c0       0x10 tim.o

.debug_macro    0x00000000    0x37c04
 .debug_macro   0x00000000      0x623 afec.o
 .debug_macro   0x00000623      0x8b0 afec.o
 .debug_macro   0x00000ed3       0x22 afec.o
 .debug_macro   0x00000ef5       0x52 afec.o
 .debug_macro   0x00000f47       0x8d afec.o
 .debug_macro   0x00000fd4       0x35 afec.o
 .debug_macro   0x00001009       0x9c afec.o
 .debug_macro   0x000010a5       0x16 afec.o
 .debug_macro   0x000010bb       0x57 afec.o
 .debug_macro   0x00001112       0x97 afec.o
 .debug_macro   0x000011a9      0x353 afec.o
 .debug_macro   0x000014fc       0xf6 afec.o
 .debug_macro   0x000015f2       0x10 afec.o
 .debug_macro   0x00001602       0x58 afec.o
 .debug_macro   0x0000165a       0x1f afec.o
 .debug_macro   0x00001679       0x43 afec.o
 .debug_macro   0x000016bc       0x20 afec.o
 .debug_macro   0x000016dc      0x187 afec.o
 .debug_macro   0x00001863       0x10 afec.o
 .debug_macro   0x00001873       0x6a afec.o
 .debug_macro   0x000018dd       0x1c afec.o
 .debug_macro   0x000018f9       0x52 afec.o
 .debug_macro   0x0000194b       0x40 afec.o
 .debug_macro   0x0000198b       0x10 afec.o
 .debug_macro   0x0000199b       0x40 afec.o
 .debug_macro   0x000019db       0xd7 afec.o
 .debug_macro   0x00001ab2       0x16 afec.o
 .debug_macro   0x00001ac8      0x18b afec.o
 .debug_macro   0x00001c53       0xef afec.o
 .debug_macro   0x00001d42      0x1df afec.o
 .debug_macro   0x00001f21       0xd1 afec.o
 .debug_macro   0x00001ff2       0x1c afec.o
 .debug_macro   0x0000200e       0x22 afec.o
 .debug_macro   0x00002030       0xd9 afec.o
 .debug_macro   0x00002109     0x12cd afec.o
 .debug_macro   0x000033d6      0x11f afec.o
 .debug_macro   0x000034f5       0x19 afec.o
 .debug_macro   0x0000350e      0x3e2 afec.o
 .debug_macro   0x000038f0      0x5a9 afec.o
 .debug_macro   0x00003e99     0x1797 afec.o
 .debug_macro   0x00005630      0x3bb afec.o
 .debug_macro   0x000059eb      0x830 afec.o
 .debug_macro   0x0000621b      0x316 afec.o
 .debug_macro   0x00006531     0x269d afec.o
 .debug_macro   0x00008bce       0x40 afec.o
 .debug_macro   0x00008c0e     0x105e afec.o
 .debug_macro   0x00009c6c      0x60b afec.o
 .debug_macro   0x0000a277      0x555 afec.o
 .debug_macro   0x0000a7cc      0xb8f afec.o
 .debug_macro   0x0000b35b      0x602 afec.o
 .debug_macro   0x0000b95d     0x3ac9 afec.o
 .debug_macro   0x0000f426     0x83ff afec.o
 .debug_macro   0x00017825     0x31db afec.o
 .debug_macro   0x0001aa00     0x24d0 afec.o
 .debug_macro   0x0001ced0      0x87f afec.o
 .debug_macro   0x0001d74f      0x17d afec.o
 .debug_macro   0x0001d8cc      0x118 afec.o
 .debug_macro   0x0001d9e4      0x909 afec.o
 .debug_macro   0x0001e2ed      0x125 afec.o
 .debug_macro   0x0001e412      0x503 afec.o
 .debug_macro   0x0001e915      0x3e0 afec.o
 .debug_macro   0x0001ecf5      0x709 afec.o
 .debug_macro   0x0001f3fe      0xb64 afec.o
 .debug_macro   0x0001ff62      0xf03 afec.o
 .debug_macro   0x00020e65      0xff2 afec.o
 .debug_macro   0x00021e57       0xa6 afec.o
 .debug_macro   0x00021efd      0x124 afec.o
 .debug_macro   0x00022021      0xbc2 afec.o
 .debug_macro   0x00022be3      0x5c5 afec.o
 .debug_macro   0x000231a8     0x1afb afec.o
 .debug_macro   0x00024ca3      0x56f afec.o
 .debug_macro   0x00025212     0x41a7 afec.o
 .debug_macro   0x000293b9      0x3a1 afec.o
 .debug_macro   0x0002975a       0xc4 afec.o
 .debug_macro   0x0002981e      0x12d afec.o
 .debug_macro   0x0002994b     0x2a5f afec.o
 .debug_macro   0x0002c3aa       0x7c afec.o
 .debug_macro   0x0002c426      0x14e afec.o
 .debug_macro   0x0002c574       0xf4 afec.o
 .debug_macro   0x0002c668       0xf4 afec.o
 .debug_macro   0x0002c75c       0x16 afec.o
 .debug_macro   0x0002c772       0x7c afec.o
 .debug_macro   0x0002c7ee       0x40 afec.o
 .debug_macro   0x0002c82e      0x623 afec.o
 .debug_macro   0x0002ce51       0x40 afec.o
 .debug_macro   0x0002ce91      0x7ce afec.o
 .debug_macro   0x0002d65f       0x6a afec.o
 .debug_macro   0x0002d6c9       0x6a afec.o
 .debug_macro   0x0002d733       0x88 afec.o
 .debug_macro   0x0002d7bb       0xac afec.o
 .debug_macro   0x0002d867      0x142 afec.o
 .debug_macro   0x0002d9a9      0x138 afec.o
 .debug_macro   0x0002dae1      0x138 afec.o
 .debug_macro   0x0002dc19      0x187 afec.o
 .debug_macro   0x0002dda0      0x180 afec.o
 .debug_macro   0x0002df20      0x180 afec.o
 .debug_macro   0x0002e0a0      0x180 afec.o
 .debug_macro   0x0002e220      0x180 afec.o
 .debug_macro   0x0002e3a0      0x121 afec.o
 .debug_macro   0x0002e4c1      0x352 afec.o
 .debug_macro   0x0002e813      0x352 afec.o
 .debug_macro   0x0002eb65       0x82 afec.o
 .debug_macro   0x0002ebe7       0x22 afec.o
 .debug_macro   0x0002ec09       0x22 afec.o
 .debug_macro   0x0002ec2b       0x58 afec.o
 .debug_macro   0x0002ec83       0x28 afec.o
 .debug_macro   0x0002ecab       0x64 afec.o
 .debug_macro   0x0002ed0f       0x94 afec.o
 .debug_macro   0x0002eda3       0x7c afec.o
 .debug_macro   0x0002ee1f       0x7c afec.o
 .debug_macro   0x0002ee9b       0x8e afec.o
 .debug_macro   0x0002ef29       0x34 afec.o
 .debug_macro   0x0002ef5d      0x1a8 afec.o
 .debug_macro   0x0002f105      0x1a8 afec.o
 .debug_macro   0x0002f2ad      0x1a8 afec.o
 .debug_macro   0x0002f455      0x1a8 afec.o
 .debug_macro   0x0002f5fd       0x3a afec.o
 .debug_macro   0x0002f637       0x82 afec.o
 .debug_macro   0x0002f6b9       0x82 afec.o
 .debug_macro   0x0002f73b       0x82 afec.o
 .debug_macro   0x0002f7bd       0x70 afec.o
 .debug_macro   0x0002f82d       0x70 afec.o
 .debug_macro   0x0002f89d       0x70 afec.o
 .debug_macro   0x0002f90d       0x70 afec.o
 .debug_macro   0x0002f97d       0x70 afec.o
 .debug_macro   0x0002f9ed       0xf4 afec.o
 .debug_macro   0x0002fae1       0xf4 afec.o
 .debug_macro   0x0002fbd5       0xf4 afec.o
 .debug_macro   0x0002fcc9      0x71f afec.o
 .debug_macro   0x000303e8       0x16 afec.o
 .debug_macro   0x000303fe       0x22 afec.o
 .debug_macro   0x00030420      0x9bf afec.o
 .debug_macro   0x00030ddf      0x583 afec.o
 .debug_macro   0x00031362     0x283a afec.o
 .debug_macro   0x00033b9c      0x169 afec.o
 .debug_macro   0x00033d05       0x10 afec.o
 .debug_macro   0x00033d15       0x16 afec.o
 .debug_macro   0x00033d2b       0x35 afec.o
 .debug_macro   0x00033d60       0x16 afec.o
 .debug_macro   0x00033d76       0x29 afec.o
 .debug_macro   0x00033d9f      0x49c board.o
 .debug_macro   0x0003423b       0x87 board.o
 .debug_macro   0x000342c2       0x51 board.o
 .debug_macro   0x00034313       0xdf board.o
 .debug_macro   0x000343f2      0x5e2 dac.o
 .debug_macro   0x000349d4      0x488 Device_Startup/startup_same70q21b.o
 .debug_macro   0x00034e5c      0x48e Device_Startup/system_same70q21b.o
 .debug_macro   0x000352ea      0x645 fir.o
 .debug_macro   0x0003592f       0x10 fir.o
 .debug_macro   0x0003593f       0x2b fir.o
 .debug_macro   0x0003596a      0x118 fir.o
 .debug_macro   0x00035a82       0x10 fir.o
 .debug_macro   0x00035a92      0x183 fir.o
 .debug_macro   0x00035c15      0x1a0 fir.o
 .debug_macro   0x00035db5       0x2e fir.o
 .debug_macro   0x00035de3      0x64a main.o
 .debug_macro   0x0003642d      0x1e5 main.o
 .debug_macro   0x00036612      0x45d main.o
 .debug_macro   0x00036a6f       0xd7 main.o
 .debug_macro   0x00036b46       0x2e main.o
 .debug_macro   0x00036b74      0x56a pmc.o
 .debug_macro   0x000370de       0x58 pmc.o
 .debug_macro   0x00037136      0x10e pmc.o
 .debug_macro   0x00037244       0x86 pmc.o
 .debug_macro   0x000372ca      0x34d pmc.o
 .debug_macro   0x00037617      0x5ed tim.o

.debug_line     0x00000000     0x5840
 .debug_line    0x00000000      0xa24 afec.o
 .debug_line    0x00000a24      0x96f board.o
 .debug_line    0x00001393      0x9e0 dac.o
 .debug_line    0x00001d73      0x8eb Device_Startup/startup_same70q21b.o
 .debug_line    0x0000265e      0x8dc Device_Startup/system_same70q21b.o
 .debug_line    0x00002f3a      0xaa4 fir.o
 .debug_line    0x000039de      0xaa0 main.o
 .debug_line    0x0000447e      0x9cb pmc.o
 .debug_line    0x00004e49      0x9f7 tim.o

.debug_str      0x00000000   0x13242e
 .debug_str     0x00000000   0x12f9e7 afec.o
                             0x1302f9 (size before relaxing)
 .debug_str     0x0012f9e7      0x30c board.o
                             0x12be85 (size before relaxing)
 .debug_str     0x0012fcf3       0xaa dac.o
                             0x12fbef (size before relaxing)
 .debug_str     0x0012fd9d      0x63c Device_Startup/startup_same70q21b.o
                             0x12c071 (size before relaxing)
 .debug_str     0x001303d9       0x61 Device_Startup/system_same70q21b.o
                             0x12b8b9 (size before relaxing)
 .debug_str     0x0013043a      0xe9b fir.o
                             0x1308e9 (size before relaxing)
 .debug_str     0x001312d5     0x1122 main.o
                             0x1315a3 (size before relaxing)
 .debug_str     0x001323f7       0x2c pmc.o
                             0x12ed05 (size before relaxing)
 .debug_str     0x00132423        0xb tim.o
                             0x1300cb (size before relaxing)

.debug_frame    0x00000000      0x3b4
 .debug_frame   0x00000000       0x2c afec.o
 .debug_frame   0x0000002c       0x40 board.o
 .debug_frame   0x0000006c       0x20 dac.o
 .debug_frame   0x0000008c       0x38 Device_Startup/startup_same70q21b.o
 .debug_frame   0x000000c4       0x30 Device_Startup/system_same70q21b.o
 .debug_frame   0x000000f4       0x38 fir.o
 .debug_frame   0x0000012c       0x60 main.o
 .debug_frame   0x0000018c       0x48 pmc.o
 .debug_frame   0x000001d4       0x20 tim.o
 .debug_frame   0x000001f4       0x2c c:/program files (x86)/atmel/studio/7.0/toolchain/arm/arm-gnu-toolchain/bin/../lib/gcc/arm-none-eabi/6.3.1/../../../../arm-none-eabi/lib/thumb/v7e-m/fpv4-sp/hard\libc.a(lib_a-init.o)
 .debug_frame   0x00000220       0x5c c:/program files (x86)/atmel/studio/7.0/toolchain/arm/arm-gnu-toolchain/bin/../lib/gcc/arm-none-eabi/6.3.1/../../../../arm-none-eabi/lib/thumb/v7e-m/fpv4-sp/hard\libc.a(lib_a-__call_atexit.o)
 .debug_frame   0x0000027c       0x20 c:/program files (x86)/atmel/studio/7.0/toolchain/arm/arm-gnu-toolchain/bin/../lib/gcc/arm-none-eabi/6.3.1/../../../../arm-none-eabi/lib/thumb/v7e-m/fpv4-sp/hard\libc.a(lib_a-atexit.o)
 .debug_frame   0x0000029c       0x34 c:/program files (x86)/atmel/studio/7.0/toolchain/arm/arm-gnu-toolchain/bin/../lib/gcc/arm-none-eabi/6.3.1/../../../../arm-none-eabi/lib/thumb/v7e-m/fpv4-sp/hard\libc.a(lib_a-fini.o)
 .debug_frame   0x000002d0       0xb0 c:/program files (x86)/atmel/studio/7.0/toolchain/arm/arm-gnu-toolchain/bin/../lib/gcc/arm-none-eabi/6.3.1/../../../../arm-none-eabi/lib/thumb/v7e-m/fpv4-sp/hard\libc.a(lib_a-lock.o)
 .debug_frame   0x00000380       0x34 c:/program files (x86)/atmel/studio/7.0/toolchain/arm/arm-gnu-toolchain/bin/../lib/gcc/arm-none-eabi/6.3.1/../../../../arm-none-eabi/lib/thumb/v7e-m/fpv4-sp/hard\libc.a(lib_a-__atexit.o)
