Archive member included to satisfy reference by file (symbol)

c:/program files (x86)/atmel/studio/7.0/toolchain/arm/arm-gnu-toolchain/bin/../lib/gcc/arm-none-eabi/6.3.1/../../../../arm-none-eabi/lib/thumb/v7e-m\libc.a(lib_a-exit.o)
                              c:/program files (x86)/atmel/studio/7.0/toolchain/arm/arm-gnu-toolchain/bin/../lib/gcc/arm-none-eabi/6.3.1/../../../../arm-none-eabi/lib/thumb/v7e-m/crt0.o (exit)
c:/program files (x86)/atmel/studio/7.0/toolchain/arm/arm-gnu-toolchain/bin/../lib/gcc/arm-none-eabi/6.3.1/../../../../arm-none-eabi/lib/thumb/v7e-m\libc.a(lib_a-impure.o)
                              c:/program files (x86)/atmel/studio/7.0/toolchain/arm/arm-gnu-toolchain/bin/../lib/gcc/arm-none-eabi/6.3.1/../../../../arm-none-eabi/lib/thumb/v7e-m\libc.a(lib_a-exit.o) (_global_impure_ptr)
c:/program files (x86)/atmel/studio/7.0/toolchain/arm/arm-gnu-toolchain/bin/../lib/gcc/arm-none-eabi/6.3.1/../../../../arm-none-eabi/lib/thumb/v7e-m\libc.a(lib_a-init.o)
                              c:/program files (x86)/atmel/studio/7.0/toolchain/arm/arm-gnu-toolchain/bin/../lib/gcc/arm-none-eabi/6.3.1/../../../../arm-none-eabi/lib/thumb/v7e-m/crt0.o (__libc_init_array)
c:/program files (x86)/atmel/studio/7.0/toolchain/arm/arm-gnu-toolchain/bin/../lib/gcc/arm-none-eabi/6.3.1/../../../../arm-none-eabi/lib/thumb/v7e-m\libc.a(lib_a-memset.o)
                              c:/program files (x86)/atmel/studio/7.0/toolchain/arm/arm-gnu-toolchain/bin/../lib/gcc/arm-none-eabi/6.3.1/../../../../arm-none-eabi/lib/thumb/v7e-m/crt0.o (memset)
c:/program files (x86)/atmel/studio/7.0/toolchain/arm/arm-gnu-toolchain/bin/../lib/gcc/arm-none-eabi/6.3.1/../../../../arm-none-eabi/lib/thumb/v7e-m\libc.a(lib_a-__call_atexit.o)
                              c:/program files (x86)/atmel/studio/7.0/toolchain/arm/arm-gnu-toolchain/bin/../lib/gcc/arm-none-eabi/6.3.1/../../../../arm-none-eabi/lib/thumb/v7e-m\libc.a(lib_a-exit.o) (__call_exitprocs)
c:/program files (x86)/atmel/studio/7.0/toolchain/arm/arm-gnu-toolchain/bin/../lib/gcc/arm-none-eabi/6.3.1/../../../../arm-none-eabi/lib/thumb/v7e-m\libc.a(lib_a-atexit.o)
                              c:/program files (x86)/atmel/studio/7.0/toolchain/arm/arm-gnu-toolchain/bin/../lib/gcc/arm-none-eabi/6.3.1/../../../../arm-none-eabi/lib/thumb/v7e-m\libc.a(lib_a-__call_atexit.o) (atexit)
c:/program files (x86)/atmel/studio/7.0/toolchain/arm/arm-gnu-toolchain/bin/../lib/gcc/arm-none-eabi/6.3.1/../../../../arm-none-eabi/lib/thumb/v7e-m\libc.a(lib_a-fini.o)
                              c:/program files (x86)/atmel/studio/7.0/toolchain/arm/arm-gnu-toolchain/bin/../lib/gcc/arm-none-eabi/6.3.1/../../../../arm-none-eabi/lib/thumb/v7e-m\libc.a(lib_a-__call_atexit.o) (__libc_fini_array)
c:/program files (x86)/atmel/studio/7.0/toolchain/arm/arm-gnu-toolchain/bin/../lib/gcc/arm-none-eabi/6.3.1/../../../../arm-none-eabi/lib/thumb/v7e-m\libc.a(lib_a-lock.o)
                              c:/program files (x86)/atmel/studio/7.0/toolchain/arm/arm-gnu-toolchain/bin/../lib/gcc/arm-none-eabi/6.3.1/../../../../arm-none-eabi/lib/thumb/v7e-m\libc.a(lib_a-__call_atexit.o) (__retarget_lock_acquire_recursive)
c:/program files (x86)/atmel/studio/7.0/toolchain/arm/arm-gnu-toolchain/bin/../lib/gcc/arm-none-eabi/6.3.1/../../../../arm-none-eabi/lib/thumb/v7e-m\libc.a(lib_a-__atexit.o)
                              c:/program files (x86)/atmel/studio/7.0/toolchain/arm/arm-gnu-toolchain/bin/../lib/gcc/arm-none-eabi/6.3.1/../../../../arm-none-eabi/lib/thumb/v7e-m\libc.a(lib_a-atexit.o) (__register_exitproc)

Allocating common symbols
Common symbol       size              file

tmp                 0x4               main.o
__lock___atexit_recursive_mutex
                    0x1               c:/program files (x86)/atmel/studio/7.0/toolchain/arm/arm-gnu-toolchain/bin/../lib/gcc/arm-none-eabi/6.3.1/../../../../arm-none-eabi/lib/thumb/v7e-m\libc.a(lib_a-lock.o)
__lock___arc4random_mutex
                    0x1               c:/program files (x86)/atmel/studio/7.0/toolchain/arm/arm-gnu-toolchain/bin/../lib/gcc/arm-none-eabi/6.3.1/../../../../arm-none-eabi/lib/thumb/v7e-m\libc.a(lib_a-lock.o)
__lock___env_recursive_mutex
                    0x1               c:/program files (x86)/atmel/studio/7.0/toolchain/arm/arm-gnu-toolchain/bin/../lib/gcc/arm-none-eabi/6.3.1/../../../../arm-none-eabi/lib/thumb/v7e-m\libc.a(lib_a-lock.o)
__lock___sinit_recursive_mutex
                    0x1               c:/program files (x86)/atmel/studio/7.0/toolchain/arm/arm-gnu-toolchain/bin/../lib/gcc/arm-none-eabi/6.3.1/../../../../arm-none-eabi/lib/thumb/v7e-m\libc.a(lib_a-lock.o)
__lock___malloc_recursive_mutex
                    0x1               c:/program files (x86)/atmel/studio/7.0/toolchain/arm/arm-gnu-toolchain/bin/../lib/gcc/arm-none-eabi/6.3.1/../../../../arm-none-eabi/lib/thumb/v7e-m\libc.a(lib_a-lock.o)
__lock___at_quick_exit_mutex
[...]
Memory Configuration

Name             Origin             Length             Attributes
rom              0x00400000         0x00200000         xr
ram              0x20400000         0x00060000         xrw
*default*        0x00000000         0xffffffff

Linker script and memory map

LOAD c:/program files (x86)/atmel/studio/7.0/toolchain/arm/arm-gnu-toolchain/bin/../lib/gcc/arm-none-eabi/6.3.1/thumb/v7e-m/crti.o
LOAD c:/program files (x86)/atmel/studio/7.0/toolchain/arm/arm-gnu-toolchain/bin/../lib/gcc/arm-none-eabi/6.3.1/thumb/v7e-m/crtbegin.o
LOAD c:/program files (x86)/atmel/studio/7.0/toolchain/arm/arm-gnu-toolchain/bin/../lib/gcc/arm-none-eabi/6.3.1/../../../../arm-none-eabi/lib/thumb/v7e-m/crt0.o
LOAD afec.o
LOAD board.o
LOAD dac.o
LOAD Device_Startup/startup_same70q21b.o
LOAD Device_Startup/system_same70q21b.o
LOAD main.o
LOAD pmc.o
START GROUP
LOAD c:/program files (x86)/atmel/studio/7.0/toolchain/arm/arm-gnu-toolchain/bin/../lib/gcc/arm-none-eabi/6.3.1/../../../../arm-none-eabi/lib/thumb/v7e-m\libm.a
END GROUP
START GROUP
LOAD c:/program files (x86)/atmel/studio/7.0/toolchain/arm/arm-gnu-toolchain/bin/../lib/gcc/arm-none-eabi/6.3.1/thumb/v7e-m\libgcc.a
LOAD c:/program files (x86)/atmel/studio/7.0/toolchain/arm/arm-gnu-toolchain/bin/../lib/gcc/arm-none-eabi/6.3.1/../../../../arm-none-eabi/lib/thumb/v7e-m\libc.a
END GROUP
LOAD c:/program files (x86)/atmel/studio/7.0/toolchain/arm/arm-gnu-toolchain/bin/../lib/gcc/arm-none-eabi/6.3.1/thumb/v7e-m/crtend.o
LOAD c:/program files (x86)/atmel/studio/7.0/toolchain/arm/arm-gnu-toolchain/bin/../lib/gcc/arm-none-eabi/6.3.1/thumb/v7e-m/crtn.o
                0x00000400                STACK_SIZE = DEFINED (STACK_SIZE)?STACK_SIZE:DEFINED (__stack_size__)?__stack_size__:0x400
                0x00000200                HEAP_SIZE = DEFINED (HEAP_SIZE)?HEAP_SIZE:DEFINED (__heap_size__)?__heap_size__:0x200

.text           0x00400000      0x7b4
                0x00400000                . = ALIGN (0x4)
                0x00400000                _sfixed = .
 *(.vectors .vectors.*)
 .vectors       0x00400000      0x168 Device_Startup/startup_same70q21b.o
                0x00400000                exception_table
 *(.text .text.* .gnu.linkonce.t.*)
 .text          0x00400168       0x6c c:/program files (x86)/atmel/studio/7.0/toolchain/arm/arm-gnu-toolchain/bin/../lib/gcc/arm-none-eabi/6.3.1/thumb/v7e-m/crtbegin.o
 .text.ioport_init
                0x004001d4      0x100 board.o
                0x004001d4                ioport_init
 .text.board_init
                0x004002d4       0xe0 board.o
                0x004002d4                board_init
 .text.dac0ch0init
                0x004003b4       0x70 dac.o
                0x004003b4                dac0ch0init
 .text.Dummy_Handler
                0x00400424        0x2 Device_Startup/startup_same70q21b.o
                0x00400424                SVCall_Handler
                0x00400424                UART3_Handler
                0x00400424                UART2_Handler
                0x00400424                TRNG_Handler
                0x00400424                HardFault_Handler
                0x00400424                TC2_Handler
                0x00400424                SysTick_Handler
                0x00400424                AFEC1_Handler
                0x00400424                PendSV_Handler
                0x00400424                TC7_Handler
                0x00400424                QSPI_Handler
                0x00400424                NonMaskableInt_Handler
                0x00400424                ISI_Handler
                0x00400424                MCAN0_INT0_Handler
                0x00400424                TC9_Handler
                0x00400424                RSWDT_Handler
                0x00400424                USART0_Handler
                0x00400424                RTT_Handler
                0x00400424                USBHS_Handler
                0x00400424                IXC_Handler
                0x00400424                CCF_Handler
                0x00400424                PIOB_Handler
                0x00400424                RTC_Handler
                0x00400424                UsageFault_Handler
                0x00400424                TC6_Handler
                0x00400424                WDT_Handler
                0x00400424                MCAN1_INT1_Handler
                0x00400424                TC4_Handler
                0x00400424                TC1_Handler
                0x00400424                HSMCI_Handler
                0x00400424                UART1_Handler
                0x00400424                TC3_Handler
                0x00400424                Dummy_Handler
                0x00400424                TWIHS1_Handler
                0x00400424                XDMAC_Handler
                0x00400424                UART4_Handler
                0x00400424                PWM1_Handler
                0x00400424                USART1_Handler
                0x00400424                PWM0_Handler
                0x00400424                PIOA_Handler
                0x00400424                CCW_Handler
                0x00400424                SSC_Handler
                0x00400424                TC11_Handler
                0x00400424                ACC_Handler
                0x00400424                PMC_Handler
                0x00400424                GMAC_Handler
                0x00400424                MCAN0_INT1_Handler
                0x00400424                GMAC_Q5_Handler
                0x00400424                SUPC_Handler
                0x00400424                TC8_Handler
                0x00400424                MCAN1_INT0_Handler
                0x00400424                EFC_Handler
                0x00400424                GMAC_Q1_Handler
                0x00400424                USART2_Handler
                0x00400424                SDRAMC_Handler
                0x00400424                GMAC_Q2_Handler
                0x00400424                PIOE_Handler
                0x00400424                SPI1_Handler
                0x00400424                TC10_Handler
                0x00400424                GMAC_Q3_Handler
                0x00400424                PIOD_Handler
                0x00400424                TWIHS2_Handler
                0x00400424                I2SC0_Handler
                0x00400424                UART0_Handler
                0x00400424                I2SC1_Handler
                0x00400424                PIOC_Handler
                0x00400424                GMAC_Q4_Handler
                0x00400424                FPU_Handler
                0x00400424                BusFault_Handler
                0x00400424                RSTC_Handler
                0x00400424                TC0_Handler
                0x00400424                MemoryManagement_Handler
                0x00400424                DebugMonitor_Handler
                0x00400424                TC5_Handler
                0x00400424                ICM_Handler
                0x00400424                AES_Handler
                0x00400424                TWIHS0_Handler
                0x00400424                SPI0_Handler
 *fill*         0x00400426        0x2 
 .text.Reset_Handler
                0x00400428       0x84 Device_Startup/startup_same70q21b.o
                0x00400428                Reset_Handler
 .text.SystemInit
                0x004004ac       0x10 Device_Startup/system_same70q21b.o
                0x004004ac                SystemInit
 .text.main     0x004004bc       0x24 main.o
                0x004004bc                main
 .text.AFEC0_Handler
                0x004004e0       0x44 main.o
                0x004004e0                AFEC0_Handler
 .text.DACC_Handler
                0x00400524        0xc main.o
                0x00400524                DACC_Handler
 .text.mainclk_init
                0x00400530       0x54 pmc.o
                0x00400530                mainclk_init
 .text.pll_init
                0x00400584       0x28 pmc.o
                0x00400584                pll_init
 .text.sysclk_init
                0x004005ac       0x70 pmc.o
                0x004005ac                sysclk_init
 .text.__libc_init_array
                0x0040061c       0x50 c:/program files (x86)/atmel/studio/7.0/toolchain/arm/arm-gnu-toolchain/bin/../lib/gcc/arm-none-eabi/6.3.1/../../../../arm-none-eabi/lib/thumb/v7e-m\libc.a(lib_a-init.o)
                0x0040061c                __libc_init_array
 .text.startup.register_fini
                0x0040066c       0x14 c:/program files (x86)/atmel/studio/7.0/toolchain/arm/arm-gnu-toolchain/bin/../lib/gcc/arm-none-eabi/6.3.1/../../../../arm-none-eabi/lib/thumb/v7e-m\libc.a(lib_a-__call_atexit.o)
 .text.atexit   0x00400680        0xc c:/program files (x86)/atmel/studio/7.0/toolchain/arm/arm-gnu-toolchain/bin/../lib/gcc/arm-none-eabi/6.3.1/../../../../arm-none-eabi/lib/thumb/v7e-m\libc.a(lib_a-atexit.o)
                0x00400680                atexit
 .text.__libc_fini_array
                0x0040068c       0x34 c:/program files (x86)/atmel/studio/7.0/toolchain/arm/arm-gnu-toolchain/bin/../lib/gcc/arm-none-eabi/6.3.1/../../../../arm-none-eabi/lib/thumb/v7e-m\libc.a(lib_a-fini.o)
                0x0040068c                __libc_fini_array
 .text.__retarget_lock_acquire_recursive
                0x004006c0        0x4 c:/program files (x86)/atmel/studio/7.0/toolchain/arm/arm-gnu-toolchain/bin/../lib/gcc/arm-none-eabi/6.3.1/../../../../arm-none-eabi/lib/thumb/v7e-m\libc.a(lib_a-lock.o)
                0x004006c0                __retarget_lock_acquire_recursive
 .text.__retarget_lock_release_recursive
                0x004006c4        0x4 c:/program files (x86)/atmel/studio/7.0/toolchain/arm/arm-gnu-toolchain/bin/../lib/gcc/arm-none-eabi/6.3.1/../../../../arm-none-eabi/lib/thumb/v7e-m\libc.a(lib_a-lock.o)
                0x004006c4                __retarget_lock_release_recursive
 .text.__register_exitproc
                0x004006c8       0xc4 c:/program files (x86)/atmel/studio/7.0/toolchain/arm/arm-gnu-toolchain/bin/../lib/gcc/arm-none-eabi/6.3.1/../../../../arm-none-eabi/lib/thumb/v7e-m\libc.a(lib_a-__atexit.o)
                0x004006c8                __register_exitproc
 *(.glue_7t)
 .glue_7t       0x0040078c        0x0 linker stubs
 *(.glue_7)
 .glue_7        0x0040078c        0x0 linker stubs
 *(.rodata .rodata* .gnu.linkonce.r.*)
 .rodata._global_impure_ptr
                0x0040078c        0x4 c:/program files (x86)/atmel/studio/7.0/toolchain/arm/arm-gnu-toolchain/bin/../lib/gcc/arm-none-eabi/6.3.1/../../../../arm-none-eabi/lib/thumb/v7e-m\libc.a(lib_a-impure.o)
                0x0040078c                _global_impure_ptr
 *(.ARM.extab* .gnu.linkonce.armextab.*)
                0x00400790                . = ALIGN (0x4)
 *(.init)
 .init          0x00400790        0x4 c:/program files (x86)/atmel/studio/7.0/toolchain/arm/arm-gnu-toolchain/bin/../lib/gcc/arm-none-eabi/6.3.1/thumb/v7e-m/crti.o
                0x00400790                _init
 .init          0x00400794        0x8 c:/program files (x86)/atmel/studio/7.0/toolchain/arm/arm-gnu-toolchain/bin/../lib/gcc/arm-none-eabi/6.3.1/thumb/v7e-m/crtn.o
                0x0040079c                . = ALIGN (0x4)
                0x0040079c                __preinit_array_start = .
 *(.preinit_array)
                0x0040079c                __preinit_array_end = .
                0x0040079c                . = ALIGN (0x4)
                0x0040079c                __init_array_start = .
 *(SORT(.init_array.*))
 .init_array.00000
                0x0040079c        0x4 c:/program files (x86)/atmel/studio/7.0/toolchain/arm/arm-gnu-toolchain/bin/../lib/gcc/arm-none-eabi/6.3.1/../../../../arm-none-eabi/lib/thumb/v7e-m\libc.a(lib_a-__call_atexit.o)
 *(.init_array)
 .init_array    0x004007a0        0x4 c:/program files (x86)/atmel/studio/7.0/toolchain/arm/arm-gnu-toolchain/bin/../lib/gcc/arm-none-eabi/6.3.1/thumb/v7e-m/crtbegin.o
                0x004007a4                __init_array_end = .
                0x004007a4                . = ALIGN (0x4)
 *crtbegin.o(.ctors)
 *(EXCLUDE_FILE(*crtend.o) .ctors)
 *(SORT(.ctors.*))
 *crtend.o(.ctors)
                0x004007a4                . = ALIGN (0x4)
 *(.fini)
 .fini          0x004007a4        0x4 c:/program files (x86)/atmel/studio/7.0/toolchain/arm/arm-gnu-toolchain/bin/../lib/gcc/arm-none-eabi/6.3.1/thumb/v7e-m/crti.o
                0x004007a4                _fini
 .fini          0x004007a8        0x8 c:/program files (x86)/atmel/studio/7.0/toolchain/arm/arm-gnu-toolchain/bin/../lib/gcc/arm-none-eabi/6.3.1/thumb/v7e-m/crtn.o
                0x004007b0                . = ALIGN (0x4)
                0x004007b0                __fini_array_start = .
 *(.fini_array)
 .fini_array    0x004007b0        0x4 c:/program files (x86)/atmel/studio/7.0/toolchain/arm/arm-gnu-toolchain/bin/../lib/gcc/arm-none-eabi/6.3.1/thumb/v7e-m/crtbegin.o
 *(SORT(.fini_array.*))
                0x004007b4                __fini_array_end = .
 *crtbegin.o(.dtors)
 *(EXCLUDE_FILE(*crtend.o) .dtors)
 *(SORT(.dtors.*))
 *crtend.o(.dtors)
                0x004007b4                . = ALIGN (0x4)
                0x004007b4                _efixed = .
                [!provide]                PROVIDE (__exidx_start, .)

.vfp11_veneer   0x004007b4        0x0
 .vfp11_veneer  0x004007b4        0x0 linker stubs

.v4_bx          0x004007b4        0x0
 .v4_bx         0x004007b4        0x0 linker stubs

.iplt           0x004007b4        0x0
 .iplt          0x004007b4        0x0 c:/program files (x86)/atmel/studio/7.0/toolchain/arm/arm-gnu-toolchain/bin/../lib/gcc/arm-none-eabi/6.3.1/thumb/v7e-m/crtbegin.o

.eh_frame       0x004007b4        0x0
 .eh_frame      0x004007b4        0x0 c:/program files (x86)/atmel/studio/7.0/toolchain/arm/arm-gnu-toolchain/bin/../lib/gcc/arm-none-eabi/6.3.1/thumb/v7e-m/crtbegin.o

.rel.dyn        0x004007b4        0x0
 .rel.iplt      0x004007b4        0x0 c:/program files (x86)/atmel/studio/7.0/toolchain/arm/arm-gnu-toolchain/bin/../lib/gcc/arm-none-eabi/6.3.1/thumb/v7e-m/crtbegin.o

.jcr            0x004007b4        0x0
 .jcr           0x004007b4        0x0 c:/program files (x86)/atmel/studio/7.0/toolchain/arm/arm-gnu-toolchain/bin/../lib/gcc/arm-none-eabi/6.3.1/thumb/v7e-m/crtbegin.o

.igot.plt       0x004007b4        0x0
 .igot.plt      0x004007b4        0x0 c:/program files (x86)/atmel/studio/7.0/toolchain/arm/arm-gnu-toolchain/bin/../lib/gcc/arm-none-eabi/6.3.1/thumb/v7e-m/crtbegin.o

.ARM.exidx
 *(.ARM.exidx* .gnu.linkonce.armexidx.*)
                [!provide]                PROVIDE (__exidx_end, .)
                0x004007b4                . = ALIGN (0x4)
                0x004007b4                _etext = .

.relocate       0x20400000      0x434 load address 0x004007b4
                0x20400000                . = ALIGN (0x4)
                0x20400000                _srelocate = .
 *(.ramfunc .ramfunc.*)
 *(.data .data.*)
 .data          0x20400000        0x4 Device_Startup/system_same70q21b.o
                0x20400000                SystemCoreClock
 *fill*         0x20400004        0x4 
 .data.impure_data
                0x20400008      0x428 c:/program files (x86)/atmel/studio/7.0/toolchain/arm/arm-gnu-toolchain/bin/../lib/gcc/arm-none-eabi/6.3.1/../../../../arm-none-eabi/lib/thumb/v7e-m\libc.a(lib_a-impure.o)
 .data.__atexit_recursive_mutex
                0x20400430        0x4 c:/program files (x86)/atmel/studio/7.0/toolchain/arm/arm-gnu-toolchain/bin/../lib/gcc/arm-none-eabi/6.3.1/../../../../arm-none-eabi/lib/thumb/v7e-m\libc.a(lib_a-__call_atexit.o)
                0x20400430                __atexit_recursive_mutex
                0x20400434                . = ALIGN (0x4)
                0x20400434                _erelocate = .

.bss            0x20400434       0x48 load address 0x00400be8
                0x20400434                . = ALIGN (0x4)
                0x20400434                _sbss = .
                0x20400434                _szero = .
 *(.bss .bss.*)
 .bss           0x20400434       0x1c c:/program files (x86)/atmel/studio/7.0/toolchain/arm/arm-gnu-toolchain/bin/../lib/gcc/arm-none-eabi/6.3.1/thumb/v7e-m/crtbegin.o
 .bss           0x20400450        0x4 main.o
                0x20400450                boolean
 *(COMMON)
 COMMON         0x20400454        0x4 main.o
                0x20400454                tmp
 COMMON         0x20400458       0x21 c:/program files (x86)/atmel/studio/7.0/toolchain/arm/arm-gnu-toolchain/bin/../lib/gcc/arm-none-eabi/6.3.1/../../../../arm-none-eabi/lib/thumb/v7e-m\libc.a(lib_a-lock.o)
                0x20400458                __lock___atexit_recursive_mutex
                0x2040045c                __lock___arc4random_mutex
                0x20400460                __lock___env_recursive_mutex
                0x20400464                __lock___sinit_recursive_mutex
                0x20400468                __lock___malloc_recursive_mutex
                0x2040046c                __lock___at_quick_exit_mutex
                0x20400470                __lock___dd_hash_mutex
                0x20400474                __lock___tz_mutex
                0x20400478                __lock___sfp_recursive_mutex
                0x2040047c                . = ALIGN (0x4)
 *fill*         0x20400479        0x3 
                0x2040047c                _ebss = .
                0x2040047c                _ezero = .

.heap           0x2040047c      0x204 load address 0x00400c30
                0x20400480                . = ALIGN (0x8)
 *fill*         0x2040047c        0x4 
                0x20400480                _sheap = .
                0x20400680                . = (. + HEAP_SIZE)
 *fill*         0x20400480      0x200 
                0x20400680                . = ALIGN (0x8)
                0x20400680                _eheap = .

.stack          0x20400680      0x400 load address 0x00400e34
                0x20400680                . = ALIGN (0x8)
                0x20400680                _sstack = .
                0x20400a80                . = (. + STACK_SIZE)
 *fill*         0x20400680      0x400 
                0x20400a80                . = ALIGN (0x8)
                0x20400a80                _estack = .
                0x20400a80                . = ALIGN (0x4)
                0x20400a80                _end = .
                0x2045ffff                _ram_end_ = ((ORIGIN (ram) + LENGTH (ram)) - 0x1)
OUTPUT(DigitalFilter.elf elf32-littlearm)

.ARM.attributes
                0x00000000       0x2a
 .ARM.attributes
                0x00000000       0x1e c:/program files (x86)/atmel/studio/7.0/toolchain/arm/arm-gnu-toolchain/bin/../lib/gcc/arm-none-eabi/6.3.1/thumb/v7e-m/crti.o
 .ARM.attributes
                0x0000001e       0x2e c:/program files (x86)/atmel/studio/7.0/toolchain/arm/arm-gnu-toolchain/bin/../lib/gcc/arm-none-eabi/6.3.1/thumb/v7e-m/crtbegin.o
 .ARM.attributes
                0x0000004c       0x33 board.o
 .ARM.attributes
                0x0000007f       0x33 dac.o
 .ARM.attributes
                0x000000b2       0x33 Device_Startup/startup_same70q21b.o
 .ARM.attributes
                0x000000e5       0x33 Device_Startup/system_same70q21b.o
 .ARM.attributes
                0x00000118       0x33 main.o
 .ARM.attributes
                0x0000014b       0x33 pmc.o
 .ARM.attributes
                0x0000017e       0x2e c:/program files (x86)/atmel/studio/7.0/toolchain/arm/arm-gnu-toolchain/bin/../lib/gcc/arm-none-eabi/6.3.1/../../../../arm-none-eabi/lib/thumb/v7e-m\libc.a(lib_a-impure.o)
 .ARM.attributes
                0x000001ac       0x2e c:/program files (x86)/atmel/studio/7.0/toolchain/arm/arm-gnu-toolchain/bin/../lib/gcc/arm-none-eabi/6.3.1/../../../../arm-none-eabi/lib/thumb/v7e-m\libc.a(lib_a-init.o)
 .ARM.attributes
                0x000001da       0x2e c:/program files (x86)/atmel/studio/7.0/toolchain/arm/arm-gnu-toolchain/bin/../lib/gcc/arm-none-eabi/6.3.1/../../../../arm-none-eabi/lib/thumb/v7e-m\libc.a(lib_a-__call_atexit.o)
 .ARM.attributes
                0x00000208       0x2e c:/program files (x86)/atmel/studio/7.0/toolchain/arm/arm-gnu-toolchain/bin/../lib/gcc/arm-none-eabi/6.3.1/../../../../arm-none-eabi/lib/thumb/v7e-m\libc.a(lib_a-atexit.o)
 .ARM.attributes
                0x00000236       0x2e c:/program files (x86)/atmel/studio/7.0/toolchain/arm/arm-gnu-toolchain/bin/../lib/gcc/arm-none-eabi/6.3.1/../../../../arm-none-eabi/lib/thumb/v7e-m\libc.a(lib_a-fini.o)
 .ARM.attributes
                0x00000264       0x2e c:/program files (x86)/atmel/studio/7.0/toolchain/arm/arm-gnu-toolchain/bin/../lib/gcc/arm-none-eabi/6.3.1/../../../../arm-none-eabi/lib/thumb/v7e-m\libc.a(lib_a-lock.o)
 .ARM.attributes
                0x00000292       0x2e c:/program files (x86)/atmel/studio/7.0/toolchain/arm/arm-gnu-toolchain/bin/../lib/gcc/arm-none-eabi/6.3.1/../../../../arm-none-eabi/lib/thumb/v7e-m\libc.a(lib_a-__atexit.o)
 .ARM.attributes
                0x000002c0       0x1e c:/program files (x86)/atmel/studio/7.0/toolchain/arm/arm-gnu-toolchain/bin/../lib/gcc/arm-none-eabi/6.3.1/thumb/v7e-m/crtn.o

.comment        0x00000000       0x59
 .comment       0x00000000       0x59 board.o
                                 0x5a (size before relaxing)
 .comment       0x00000059       0x5a dac.o
 .comment       0x00000059       0x5a Device_Startup/startup_same70q21b.o
 .comment       0x00000059       0x5a Device_Startup/system_same70q21b.o
 .comment       0x00000059       0x5a main.o
 .comment       0x00000059       0x5a pmc.o

.debug_info     0x00000000     0x5082
 .debug_info    0x00000000      0xf60 board.o
 .debug_info    0x00000f60      0xece dac.o
 .debug_info    0x00001e2e      0xb33 Device_Startup/startup_same70q21b.o
 .debug_info    0x00002961       0xfe Device_Startup/system_same70q21b.o
 .debug_info    0x00002a5f     0x13a7 main.o
 .debug_info    0x00003e06     0x127c pmc.o

.debug_abbrev   0x00000000      0x9c2
 .debug_abbrev  0x00000000      0x1b3 board.o
 .debug_abbrev  0x000001b3      0x1be dac.o
 .debug_abbrev  0x00000371      0x153 Device_Startup/startup_same70q21b.o
 .debug_abbrev  0x000004c4       0x8a Device_Startup/system_same70q21b.o
 .debug_abbrev  0x0000054e      0x22a main.o
 .debug_abbrev  0x00000778      0x24a pmc.o

.debug_loc      0x00000000      0x149
 .debug_loc     0x00000000       0x59 board.o
 .debug_loc     0x00000059       0x13 dac.o
 .debug_loc     0x0000006c       0x6b Device_Startup/startup_same70q21b.o
 .debug_loc     0x000000d7       0x33 main.o
 .debug_loc     0x0000010a       0x3f pmc.o

.debug_aranges  0x00000000       0xf8
 .debug_aranges
                0x00000000       0x28 board.o
 .debug_aranges
                0x00000028       0x20 dac.o
 .debug_aranges
                0x00000048       0x28 Device_Startup/startup_same70q21b.o
 .debug_aranges
                0x00000070       0x28 Device_Startup/system_same70q21b.o
 .debug_aranges
                0x00000098       0x30 main.o
 .debug_aranges
                0x000000c8       0x30 pmc.o

.debug_ranges   0x00000000       0x98
 .debug_ranges  0x00000000       0x18 board.o
 .debug_ranges  0x00000018       0x10 dac.o
 .debug_ranges  0x00000028       0x18 Device_Startup/startup_same70q21b.o
 .debug_ranges  0x00000040       0x18 Device_Startup/system_same70q21b.o
 .debug_ranges  0x00000058       0x20 main.o
 .debug_ranges  0x00000078       0x20 pmc.o

.debug_macro    0x00000000     0x2d54
 .debug_macro   0x00000000      0x49c board.o
 .debug_macro   0x0000049c       0x87 board.o
 .debug_macro   0x00000523       0x51 board.o
 .debug_macro   0x00000574       0xdf board.o
 .debug_macro   0x00000653      0x5e2 dac.o
 .debug_macro   0x00000c35      0x488 Device_Startup/startup_same70q21b.o
 .debug_macro   0x000010bd      0x48e Device_Startup/system_same70q21b.o
 .debug_macro   0x0000154b      0x61f main.o
 .debug_macro   0x00001b6a      0x1e5 main.o
 .debug_macro   0x00001d4f      0x45d main.o
 .debug_macro   0x000021ac       0xd7 main.o
 .debug_macro   0x00002283       0x2e main.o
 .debug_macro   0x000022b1      0x56a pmc.o
 .debug_macro   0x0000281b       0x58 pmc.o
 .debug_macro   0x00002873      0x10e pmc.o
 .debug_macro   0x00002981       0x86 pmc.o
 .debug_macro   0x00002a07      0x34d pmc.o

.debug_line     0x00000000     0x391b
 .debug_line    0x00000000      0x96c board.o
 .debug_line    0x0000096c      0x9ea dac.o
 .debug_line    0x00001356      0x8eb Device_Startup/startup_same70q21b.o
 .debug_line    0x00001c41      0x8dc Device_Startup/system_same70q21b.o
 .debug_line    0x0000251d      0xa33 main.o
 .debug_line    0x00002f50      0x9cb pmc.o

.debug_str      0x00000000   0x131141
 .debug_str     0x00000000   0x12b650 board.o
                             0x12be44 (size before relaxing)
 .debug_str     0x0012b650     0x4108 dac.o
                             0x12fbae (size before relaxing)
 .debug_str     0x0012f758      0x63c Device_Startup/startup_same70q21b.o
                             0x12c030 (size before relaxing)
 .debug_str     0x0012fd94       0x61 Device_Startup/system_same70q21b.o
                             0x12b878 (size before relaxing)
 .debug_str     0x0012fdf5     0x1231 main.o
                             0x130ed0 (size before relaxing)
 .debug_str     0x00131026      0x11b pmc.o
                             0x12ecc4 (size before relaxing)

.debug_frame    0x00000000      0x318
 .debug_frame   0x00000000       0x40 board.o
 .debug_frame   0x00000040       0x20 dac.o
 .debug_frame   0x00000060       0x38 Device_Startup/startup_same70q21b.o
 .debug_frame   0x00000098       0x30 Device_Startup/system_same70q21b.o
 .debug_frame   0x000000c8       0x48 main.o
 .debug_frame   0x00000110       0x48 pmc.o
 .debug_frame   0x00000158       0x2c c:/program files (x86)/atmel/studio/7.0/toolchain/arm/arm-gnu-toolchain/bin/../lib/gcc/arm-none-eabi/6.3.1/../../../../arm-none-eabi/lib/thumb/v7e-m\libc.a(lib_a-init.o)
 .debug_frame   0x00000184       0x5c c:/program files (x86)/atmel/studio/7.0/toolchain/arm/arm-gnu-toolchain/bin/../lib/gcc/arm-none-eabi/6.3.1/../../../../arm-none-eabi/lib/thumb/v7e-m\libc.a(lib_a-__call_atexit.o)
 .debug_frame   0x000001e0       0x20 c:/program files (x86)/atmel/studio/7.0/toolchain/arm/arm-gnu-toolchain/bin/../lib/gcc/arm-none-eabi/6.3.1/../../../../arm-none-eabi/lib/thumb/v7e-m\libc.a(lib_a-atexit.o)
 .debug_frame   0x00000200       0x34 c:/program files (x86)/atmel/studio/7.0/toolchain/arm/arm-gnu-toolchain/bin/../lib/gcc/arm-none-eabi/6.3.1/../../../../arm-none-eabi/lib/thumb/v7e-m\libc.a(lib_a-fini.o)
 .debug_frame   0x00000234       0xb0 c:/program files (x86)/atmel/studio/7.0/toolchain/arm/arm-gnu-toolchain/bin/../lib/gcc/arm-none-eabi/6.3.1/../../../../arm-none-eabi/lib/thumb/v7e-m\libc.a(lib_a-lock.o)
 .debug_frame   0x000002e4       0x34 c:/program files (x86)/atmel/studio/7.0/toolchain/arm/arm-gnu-toolchain/bin/../lib/gcc/arm-none-eabi/6.3.1/../../../../arm-none-eabi/lib/thumb/v7e-m\libc.a(lib_a-__atexit.o)
